// Jest Snapshot v1, https://goo.gl/fbAQLP

exports[`CharacterCard component should match the snapshot 1`] = `
<article
  className="character-info"
>
  <h5
    className="character-name"
  >
    Darth Vader
  </h5>
  <hr />
  <h5
    className="character-species"
  >
    species: 
    <span>
      Human
    </span>
  </h5>
  <h5
    className="character-species"
  >
     homeworld: 
    <span>
      Death Star
    </span>
  </h5>
  <h5
    className="character-species"
  >
    population: 
    <span>
      3
    </span>
     
  </h5>
  <h5
    className="character-rel-movies"
  >
    appears in: 
  </h5>
  <button
    className="button-favorite"
    onClick={[Function]}
  >
    Add to favorites
  </button>
</article>
`;
