// Jest Snapshot v1, https://goo.gl/fbAQLP

exports[`SelectedMovie component should match the snapshot 1`] = `
<main
  className="selected-movie"
>
  <QuoteContainer
    movie={
      Object {
        "object": "movieInfo",
      }
    }
  />
  <img
    alt=""
    className="loading-image"
    src="https://cdn.dribbble.com/users/361263/screenshots/3051905/imperial_emblem.gif"
  />
</main>
`;
