// Jest Snapshot v1, https://goo.gl/fbAQLP

exports[`NavBar component should match the snapshot 1`] = `
<nav>
  <header>
    <ul>
      <div
        className="user-info-nav"
      >
        <li
          className="user-info"
        >
          Name: 
          <span>
            Darth Vader
          </span>
        </li>
        <li
          className="user-info"
        >
          Favorite Quote: 
          <span>
            I am your father.
          </span>
        </li>
        <li
          className="user-info"
        >
          Skill Level: 
          <span>
            Expert
          </span>
        </li>
      </div>
    </ul>
  </header>
  <footer>
    <ul>
      <div>
        <li>
          <NavLink
            className="nav-link"
            onClick={[Function]}
            to="/movies"
          >
            Movies
          </NavLink>
        </li>
        <li>
          <NavLink
            className="nav-link"
            to="/favorites"
          >
            Favorites: 
          </NavLink>
        </li>
      </div>
      <li>
        <Link
          className="nav-link-logout"
          onClick={[Function]}
          to="/"
        >
          Log out
        </Link>
      </li>
    </ul>
  </footer>
</nav>
`;
