// Jest Snapshot v1, https://goo.gl/fbAQLP

exports[`MovieCard component should match the snapshot 1`] = `
<section
  className="movie-card movie-card-3"
  classNameid={3}
  onClick={[Function]}
>
  <img
    alt="Episode 3 movie poster"
    className="poster-image"
    src="3.jpg"
  />
  <h3
    onClick={[Function]}
  >
    The Phantom Menace
  </h3>
  <p
    className="movie-card-text"
  >
    Episode 
    3
  </p>
  <p
    className="movie-card-text"
  >
    2099
  </p>
  <Link
    className="character-link"
    to="/movies/3"
  >
    View Characters
  </Link>
</section>
`;
