// Jest Snapshot v1, https://goo.gl/fbAQLP

exports[`MovieCard component should match the snapshot 1`] = `
<section
  className="movie-card movie-card-3 {filmId}"
  onClick={[Function]}
>
  <img
    alt="Episode 3 movie poster"
    className="poster-image"
    src="3.jpg"
  />
  <h3
    onClick={[Function]}
  >
    The Phantom Menace
  </h3>
  <p
    className="movie-card-text"
  >
    Episode 
    3
  </p>
  <p
    className="movie-card-text"
  >
    2099
  </p>
  <a
    className="text-link"
    href="https://www.amazon.com/Star-Wars-Episode-Revenge-Widescreen/dp/B00005JLXH"
    rel="noopener noreferrer"
    target="_blank"
  >
    Buy Movie
  </a>
  <a
    className="text-link"
    href="https://www.youtube.com/watch?v=5UnjrG_N8hU"
    rel="noopener noreferrer"
    target="_blank"
  >
    Watch Trailer
  </a>
  <Link
    className="character-link"
    to="/movies/3"
  >
    View Characters
  </Link>
</section>
`;
